EN multiplexer NULL C:/Users/Fabian/Desktop/DCF_77/multiplexer.vhd sub00/vhpl00 1433519591
EN clock NULL C:/Users/Fabian/Desktop/DCF_77/Clock.vhf sub00/vhpl20 1433519611
AR counter behavioral C:/Users/Fabian/Desktop/DCF_77/counter.vhd sub00/vhpl09 1433519600
EN lcd_exnor NULL C:/Users/Fabian/Desktop/DCF_77/lcd_exnor.vhd sub00/vhpl04 1433519595
AR display_module_muser_top_schema behavioral C:/Users/Fabian/Desktop/DCF_77/Top_Schema.vhf sub00/vhpl15 1433519606
AR lcd_exnor behavioral C:/Users/Fabian/Desktop/DCF_77/lcd_exnor.vhd sub00/vhpl05 1433519596
EN display_module NULL C:/Users/Fabian/Desktop/DCF_77/display_module.vhf sub00/vhpl22 1433519613
EN bcd2seg NULL C:/Users/Fabian/Desktop/DCF_77/bcd2seg.vhd sub00/vhpl02 1433519593
EN top_schema NULL C:/Users/Fabian/Desktop/DCF_77/Top_Schema.vhf sub00/vhpl18 1433519609
EN dcf_77_decoder NULL C:/Users/Fabian/Desktop/DCF_77/DCF_77_Decoder.vhd sub00/vhpl12 1433519603
EN divider NULL C:/Users/Fabian/Desktop/DCF_77/divider.vhd sub00/vhpl10 1433519601
AR divider behavioral C:/Users/Fabian/Desktop/DCF_77/divider.vhd sub00/vhpl11 1433519602
EN display_module_muser_top_schema NULL C:/Users/Fabian/Desktop/DCF_77/Top_Schema.vhf sub00/vhpl14 1433519605
AR top_schema behavioral C:/Users/Fabian/Desktop/DCF_77/Top_Schema.vhf sub00/vhpl19 1433519610
AR clock behavioral C:/Users/Fabian/Desktop/DCF_77/Clock.vhf sub00/vhpl21 1433519612
AR clock_muser_top_schema behavioral C:/Users/Fabian/Desktop/DCF_77/Top_Schema.vhf sub00/vhpl17 1433519608
AR dcf_77_decoder behavioral C:/Users/Fabian/Desktop/DCF_77/DCF_77_Decoder.vhd sub00/vhpl13 1433519604
EN counter NULL C:/Users/Fabian/Desktop/DCF_77/counter.vhd sub00/vhpl08 1433519599
AR counter_3_9 behavioral C:/Users/Fabian/Desktop/DCF_77/Counter_3_9.vhd sub00/vhpl07 1433519598
EN counter_3_9 NULL C:/Users/Fabian/Desktop/DCF_77/Counter_3_9.vhd sub00/vhpl06 1433519597
EN clock_muser_top_schema NULL C:/Users/Fabian/Desktop/DCF_77/Top_Schema.vhf sub00/vhpl16 1433519607
AR bcd2seg behavioral C:/Users/Fabian/Desktop/DCF_77/bcd2seg.vhd sub00/vhpl03 1433519594
AR display_module behavioral C:/Users/Fabian/Desktop/DCF_77/display_module.vhf sub00/vhpl23 1433519614
AR multiplexer behavioral C:/Users/Fabian/Desktop/DCF_77/multiplexer.vhd sub00/vhpl01 1433519592
